<!DOCTYPE html><html><head><title>Simple</title><style data-href="style.css">
body {
  color:#fff;
  font-family: sans-serif;
}

main {
  width: 500px;
}

a {
  text-decoration: none;
}
</style></head><body><header></header><main></main></body></html>